100644 blob bc06bfec839df9a29ce37c860c268c02ece057fc	.moirai-image
40000 tree 68cf21d476cc209c51b453fd92e9e0e6c79e31a8	nodes
40000 tree 82b94b133c5ce5eed3436e658b463180a6c84f2a	nodes/1a
40000 tree e3403d2e0076b3f5b7fb02185146090b3bc5cf04	nodes/1a/00
100644 blob 56b3da0b22188d7ef281d3c91d2e25c40276896b	nodes/1a/00/1a000000000000000000000000000001.moi
100644 blob fe553b2f89a51146ea611f0b1ecc59736b9be7cc	nodes/1a/00/1a000000000000000000000000000002.moi
100644 blob 7dffb67a35a84168e828a0f56e36059c9b0cec07	nodes/1a/00/1a000000000000000000000000000003.moi
40000 tree 502eea1846fba79bbaa91ec2fd7cec312351e1d6	nodes/3b
40000 tree c63518d76ad548dbb9fd1e2e4eb86e5569eea02f	nodes/3b/00
100644 blob 0e2a16eb56175f0062335590c72a29c5abe6a215	nodes/3b/00/3b000000000000000000000000000001.moi
40000 tree 4ed07ba9c70d7ae9344892aca36d29a97c642488	nodes/5b
40000 tree 996e4528d9202b085c1678f87e0b45e0dc085bd3	nodes/5b/d0
100644 blob 5169d6549657f2004f1bbf49773ee6c55b19eee0	nodes/5b/d0/5bd0e29e6afc4a73557e4cbdf7d34c33.moi
40000 tree 2f10a49afa1e51a5f9bea40e968372879ac82d02	nodes/5d
40000 tree 30e958ec611e8939c5e8137247b79028d6a7b903	nodes/5d/00
100644 blob ca28b8f59e2cf11eee9d801b0a309fc328458fdc	nodes/5d/00/5d000000000000000000000000000001.moi
40000 tree 7c1123fc0b63c22877d4cc269d950b03a27c36e3	nodes/a0
40000 tree 7a641b847832759f5012b0d47f3d0f72222baa51	nodes/a0/00
100644 blob 97a4c0bd7c9256aeaf8f03a1eb88f3e78447af71	nodes/a0/00/a0000000000000000000000000000001.moi
40000 tree 03a3658ecd5491063094491e9e789293d0458f7e	nodes/ff
40000 tree d393663a19f7d38eeb83939060605192d6346322	nodes/ff/62
100644 blob 47320351554d466860f893182404b81a555dc39b	nodes/ff/62/ff62a2c718c52faafc108cf0e945642e.moi
