100644 blob bc06bfec839df9a29ce37c860c268c02ece057fc	.moirai-image
40000 tree fb6479c01fc12aadbf3dd2049b7ff9105de2f763	nodes
40000 tree e5a1502f1406033703cc2776c005778185bc1802	nodes/1a
40000 tree b40c7ec177c5ecd7072cae784a2550292fc3262e	nodes/1a/00
100644 blob 8c27d61fcf35298c664a89859c275c7656405e46	nodes/1a/00/1a000000000000000000000000000001.moi
100644 blob e80d6d6831cbbb302b50d8eeb4b2e9e4d95ab8cd	nodes/1a/00/1a000000000000000000000000000002.moi
100644 blob 7dffb67a35a84168e828a0f56e36059c9b0cec07	nodes/1a/00/1a000000000000000000000000000003.moi
40000 tree 502eea1846fba79bbaa91ec2fd7cec312351e1d6	nodes/3b
40000 tree c63518d76ad548dbb9fd1e2e4eb86e5569eea02f	nodes/3b/00
100644 blob 0e2a16eb56175f0062335590c72a29c5abe6a215	nodes/3b/00/3b000000000000000000000000000001.moi
40000 tree 4ed07ba9c70d7ae9344892aca36d29a97c642488	nodes/5b
40000 tree 996e4528d9202b085c1678f87e0b45e0dc085bd3	nodes/5b/d0
100644 blob 5169d6549657f2004f1bbf49773ee6c55b19eee0	nodes/5b/d0/5bd0e29e6afc4a73557e4cbdf7d34c33.moi
40000 tree 2f10a49afa1e51a5f9bea40e968372879ac82d02	nodes/5d
40000 tree 30e958ec611e8939c5e8137247b79028d6a7b903	nodes/5d/00
100644 blob ca28b8f59e2cf11eee9d801b0a309fc328458fdc	nodes/5d/00/5d000000000000000000000000000001.moi
40000 tree 5723c251ebb77c1d447ec5facf6385426d4b86a9	nodes/67
40000 tree cd85d202e488dd3e5e2c6846e5bec9173c971d20	nodes/67/2a
100644 blob a43e57abf1add0dfe5bff02eb346f35acf12230d	nodes/67/2a/672af70da09c660c2887060b8618cfd9.moi
40000 tree 7c1123fc0b63c22877d4cc269d950b03a27c36e3	nodes/a0
40000 tree 7a641b847832759f5012b0d47f3d0f72222baa51	nodes/a0/00
100644 blob 97a4c0bd7c9256aeaf8f03a1eb88f3e78447af71	nodes/a0/00/a0000000000000000000000000000001.moi
40000 tree 926897d698e6fbb0e34c0034541f645ff6506b22	nodes/d7
40000 tree 7a885275b4fd3856dc4f9a1f2179db30e37269bf	nodes/d7/06
100644 blob b7e54df4aa913eeddc0306e85b5a3c1bfeab50b5	nodes/d7/06/d706fcde60f0b6cbf56c23297162b652.moi
40000 tree b192eae92f6ce88d3dc6d75a540e064c6ed461da	nodes/ff
40000 tree ad8565f8635a72e8045797adbd2df036e3793005	nodes/ff/62
100644 blob a73ff01200214ff9f688c22a1a0227a9ab46ec4d	nodes/ff/62/ff62a2c718c52faafc108cf0e945642e.moi
