100644 blob bc06bfec839df9a29ce37c860c268c02ece057fc	.moirai-image
40000 tree d055a8f380ecab5cf86f892d57bbcd44deaa4044	nodes
40000 tree 82b94b133c5ce5eed3436e658b463180a6c84f2a	nodes/1a
40000 tree e3403d2e0076b3f5b7fb02185146090b3bc5cf04	nodes/1a/00
100644 blob 56b3da0b22188d7ef281d3c91d2e25c40276896b	nodes/1a/00/1a000000000000000000000000000001.moi
100644 blob fe553b2f89a51146ea611f0b1ecc59736b9be7cc	nodes/1a/00/1a000000000000000000000000000002.moi
100644 blob 7dffb67a35a84168e828a0f56e36059c9b0cec07	nodes/1a/00/1a000000000000000000000000000003.moi
40000 tree 502eea1846fba79bbaa91ec2fd7cec312351e1d6	nodes/3b
40000 tree c63518d76ad548dbb9fd1e2e4eb86e5569eea02f	nodes/3b/00
100644 blob 0e2a16eb56175f0062335590c72a29c5abe6a215	nodes/3b/00/3b000000000000000000000000000001.moi
40000 tree 57c69cf7b0c63fac2a6f1228554168a27d772da3	nodes/3f
40000 tree bbb30f2d497a530ca8436925f6a11f4b3ae708c2	nodes/3f/90
100644 blob 5647dea12d1e6f0c3d379fddc226cea5b636270c	nodes/3f/90/3f9005c0f8753a1a34e0bde2bd1d4e68.moi
40000 tree 42f8c08301e8c1d729d6333eb1f8fc4d02271c84	nodes/5b
40000 tree bf5c4a3272a7d19811295ce80dd41c93d484594b	nodes/5b/d0
100644 blob 31be1c1de78cd60b78f22b8413203c3b3c4cb09f	nodes/5b/d0/5bd0e29e6afc4a73557e4cbdf7d34c33.moi
40000 tree 2f10a49afa1e51a5f9bea40e968372879ac82d02	nodes/5d
40000 tree 30e958ec611e8939c5e8137247b79028d6a7b903	nodes/5d/00
100644 blob ca28b8f59e2cf11eee9d801b0a309fc328458fdc	nodes/5d/00/5d000000000000000000000000000001.moi
40000 tree 7c1123fc0b63c22877d4cc269d950b03a27c36e3	nodes/a0
40000 tree 7a641b847832759f5012b0d47f3d0f72222baa51	nodes/a0/00
100644 blob 97a4c0bd7c9256aeaf8f03a1eb88f3e78447af71	nodes/a0/00/a0000000000000000000000000000001.moi
40000 tree b9497f5688593949bb163cbf9d4920d03261ce83	nodes/c7
40000 tree 4389880fba0b4db161c98060a9f19b16753d8bf3	nodes/c7/82
100644 blob adec769a153bc6acb94a4303ba0d346b4efe5936	nodes/c7/82/c7828ca11b193c46fd13acfa05c87ce7.moi
40000 tree 1684567c4a9f4f7d0653b350b6cbdc475ea203ef	nodes/ff
40000 tree 476431ef809cc285e16052c8e129abecfd585bc7	nodes/ff/62
100644 blob 2dd9a796326fd610d7f6c0be15c13a3f704e4f4d	nodes/ff/62/ff62a2c718c52faafc108cf0e945642e.moi
