100644 blob bc06bfec839df9a29ce37c860c268c02ece057fc	.moirai-image
40000 tree ab9c44ee85a4941086b9ae43e0ed426210ee44f0	nodes
40000 tree ad87e1533f692062e216156c0eb347b5963183b8	nodes/1a
40000 tree 2d632327e7a6ba0e3464aefa446ee29abe7880f6	nodes/1a/00
100644 blob 56b3da0b22188d7ef281d3c91d2e25c40276896b	nodes/1a/00/1a000000000000000000000000000001.moi
100644 blob c5aa14c9c48e7c058e6a59556c4f9bfbe11f383c	nodes/1a/00/1a000000000000000000000000000002.moi
100644 blob 7dffb67a35a84168e828a0f56e36059c9b0cec07	nodes/1a/00/1a000000000000000000000000000003.moi
40000 tree 502eea1846fba79bbaa91ec2fd7cec312351e1d6	nodes/3b
40000 tree c63518d76ad548dbb9fd1e2e4eb86e5569eea02f	nodes/3b/00
100644 blob 0e2a16eb56175f0062335590c72a29c5abe6a215	nodes/3b/00/3b000000000000000000000000000001.moi
40000 tree 2f10a49afa1e51a5f9bea40e968372879ac82d02	nodes/5d
40000 tree 30e958ec611e8939c5e8137247b79028d6a7b903	nodes/5d/00
100644 blob ca28b8f59e2cf11eee9d801b0a309fc328458fdc	nodes/5d/00/5d000000000000000000000000000001.moi
40000 tree 7c1123fc0b63c22877d4cc269d950b03a27c36e3	nodes/a0
40000 tree 7a641b847832759f5012b0d47f3d0f72222baa51	nodes/a0/00
100644 blob 97a4c0bd7c9256aeaf8f03a1eb88f3e78447af71	nodes/a0/00/a0000000000000000000000000000001.moi
40000 tree ecca3d24be4f98b2251769cfb0644c63a42a61ef	schema
40000 tree 3b241493d3ae83768b92a9460d4dd0f6e95a967d	schema/queries
100644 blob 718fbe61a4bdfce74ab25896601c1202e3ef2dd1	schema/queries/aaf0ac7ae38f4f1049e0d9501979b8f7.moi
100644 blob 627701cebddfb259868c382937ea01232d657aa2	schema/queries/b757e669794166b3af12ecb8bc82b727.moi
